// Jest Snapshot v1, https://goo.gl/fbAQLP

exports[`FullInfoProduct should match 1`] = `"<div class="product__info"><div class="modal-win" style="display: none;"><button class="button">Close</button><div class="mySlides fade"><div class="slides" style="display: block;"><img class="img-slide modal-slide" src=""></div><button class="prev">prev</button><button class="next">next</button></div></div><div class="conteinerInfo"><h4 class="product__title">productTitle</h4><p class="product__description">productDescription</p><p class="product__price">productPrice</p><p class="product__sale-price">productSale</p></div><div class="conteiner__img"><div class="mySlides fade"><div class="slides" style="display: block;"><img class="img-slide modal-slide" src=""></div><button class="prev">prev</button><button class="next">next</button></div></div></div>"`;
