// Jest Snapshot v1, https://goo.gl/fbAQLP

exports[`NavList should match 1`] = `"<ul class="nav-list hidden"><li class="nav-list_item" data-nav-item="Home">Home</li><li class="nav-list_item" data-nav-item="Category">Category</li><li class="nav-list_item" data-nav-item="Sign in">Sign in</li><li class="nav-list_item" data-nav-item="Sign up">Sign up</li><li class="nav-list_item" data-nav-item="Profile">Profile</li><li class="nav-list_item" data-nav-item="About">About</li><li class="nav-list_item" data-nav-item="Logout">Logout</li></ul>"`;
