// Jest Snapshot v1, https://goo.gl/fbAQLP

exports[`SlidesShow should match 1`] = `"<div class="mySlides fade"><div class="slides" style="display: block;"><img class="img-slide modal-slide" src="url1"></div><div class="slides" style="display: none;"><img class="img-slide modal-slide" src="url2"></div><button class="prev">prev</button><button class="next">next</button></div>"`;
