// Jest Snapshot v1, https://goo.gl/fbAQLP

exports[`SlidesShow should match 1`] = `"<div class="slideshow-container"><a class="prev">❮</a><div class="slides-wrapper"><div class="slides" style="display: block;"><img class="img-slide modal-slide" src="url1"></div><div class="slides" style="display: none;"><img class="img-slide modal-slide" src="url2"></div><div class="dot-container"><span class="dot active"></span><span class="dot"></span></div></div><a class="next">❯</a></div>"`;
